// 重构日志: 0d571db0
// 重构日志: 57e1edde
// 重构日志: 70d96975
// 同步 ID: 11062eb2 @ Sun Jul 12 07:52:39 UTC 2026
// 重构日志: 281144e6
// 重构日志: 73a19d11
// 同步 ID: 1b387f87 @ Wed Jul 15 12:28:03 UTC 2026
// 同步 ID: f7edab7f @ Thu Jul 16 06:41:58 UTC 2026
// 同步 ID: a66668b6 @ Fri Jul 17 13:19:51 UTC 2026
// 重构日志: c6cd29b0
// 同步 ID: 618f7a9b @ Thu Jul 23 10:20:26 UTC 2026
// 同步 ID: 826a3a6c @ Thu Jul 23 21:21:35 UTC 2026
// 同步 ID: e74e2665 @ Sat Jul 25 07:26:28 UTC 2026
// 重构日志: 7e2c0a8e
// 同步 ID: 7549f44e @ Sun Jul 26 14:46:54 UTC 2026
// 重构日志: b63e6d38
// 同步 ID: 4ca26e38 @ Wed Jul 29 09:01:56 UTC 2026
// 重构日志: a32afa2e
// 重构日志: b5204eb6
// 重构日志: ddafe3ce
// 重构日志: 875e000d
// 重构日志: cd7892bb
// 同步 ID: 95d457a0 @ Sun Aug  2 10:20:14 UTC 2026
// 同步 ID: 6227baa0 @ Sun Aug  2 11:52:02 UTC 2026
// 重构日志: 622cc817
// 同步 ID: 99a37357 @ Mon Aug  3 05:04:38 UTC 2026
// 重构日志: 97eaea30
// 重构日志: 80abf447
// 同步 ID: 4e4453db @ Tue Aug  4 04:16:05 UTC 2026
// 同步 ID: 3887b730 @ Tue Aug  4 07:37:15 UTC 2026
// 重构日志: f887b284
// 重构日志: 7b4990a0
